// Jest Snapshot v1, https://goo.gl/fbAQLP

exports[`Index renders the html we want 1`] = `
<div>
  Index
</div>
`;
